current directory: /Users/jansvanda/development/blog/.bundle/ruby/3.4.0/gems/date-3.4.1/ext/date
/opt/homebrew/opt/ruby/bin/ruby extconf.rb
checking for rb_category_warn()... yes
checking for timezone in time.h with -Werror... yes
checking for altzone in time.h with -Werror... no
creating Makefile

current directory: /Users/jansvanda/development/blog/.bundle/ruby/3.4.0/gems/date-3.4.1/ext/date
make DESTDIR\= sitearchdir\=./.gem.20250216-91275-5x98le sitelibdir\=./.gem.20250216-91275-5x98le clean

current directory: /Users/jansvanda/development/blog/.bundle/ruby/3.4.0/gems/date-3.4.1/ext/date
make DESTDIR\= sitearchdir\=./.gem.20250216-91275-5x98le sitelibdir\=./.gem.20250216-91275-5x98le
compiling date_core.c
compiling date_parse.c
compiling date_strftime.c
compiling date_strptime.c
linking shared-object date_core.bundle

current directory: /Users/jansvanda/development/blog/.bundle/ruby/3.4.0/gems/date-3.4.1/ext/date
make DESTDIR\= sitearchdir\=./.gem.20250216-91275-5x98le sitelibdir\=./.gem.20250216-91275-5x98le install
/usr/bin/install -c -m 0755 date_core.bundle ./.gem.20250216-91275-5x98le

current directory: /Users/jansvanda/development/blog/.bundle/ruby/3.4.0/gems/date-3.4.1/ext/date
make DESTDIR\= sitearchdir\=./.gem.20250216-91275-5x98le sitelibdir\=./.gem.20250216-91275-5x98le clean
